[    0.000000] Lnu version4.5.0-33-geric (buildd@lcy01-amd64-024) (gcc version 7.3.0 Ubuntu7.3.0-16ubuntu))#36-Ubnt SMPWe Aug 1 16:005 UTC 2018 bunt4.15.0-3.6-eneri 41518
    .000000] Comanline: OO_IME=/botvminz-15.033geeric ot=UIDe6814acd-4bf-98-89ca42dc18ee9  consoe=ty1 cosoe=tyS
[  0.00000KERNEsupprtd us:
[   .000000  Intl enuinentl
[   0.0000]  AMD thenicMD
    0.0000]  Ceaur CentaurHauls
   00000] 86/fpu: SuprtinXSAVE eaure x01:'x7 lotingpont reisters'
[   0.00000] x86/pu Spporin XSAE feature 0x002: 'SSE registers'
[    0.000000] x86/fpu: Supporting XSAVE feature 0x004: 'VX registers'
    0.000000] x86/fpu: xstate_offset[]:  56,xstate_sizes2]  256
   000000] 86pu: Ebled tatefetures 0x7, context size is 832 bytes, usig stndar' ormat.
[   00000] e820BIOSroidedphsical AMmap:
[    0.00000]BIS-e80: [mm 0x000000000000-0x000000009fff usale
[  0.00000 BS-e8: [mm x00000000009fc00-0x000000000009ffff] reserved
[    0.00000]BIOS-e20:[mem 000000000f000-0x00000000000fffff] rserved
[   0.0000] BIO-e20: [mem x0000000100000x000000003ffeffff] usable
[  0.0000] OS-e82: me 0x000000003ff0000-0x000000003fffffff] ACPI data
[    0.000000] BIOS-820: [mem 0x00000000fec00000-0x0000000fe00fff] reserved
[    0.000000] BIOS-e820: [mem 0x0000000fee00000-0x00000000fee00ff] reserved
[    0.000000] BIOS-e820: [mem 0x0000000fffc0000-0x00000000ffffffff] reserved
[    0.000000] NX (Excue Dible) protection: active
[    0.000000] SMBIOS 2.5 present.
[    0.000000] DM: nnotek GmbH VtualB/VirtulBx, BIOS VirtualBox 12/1/006
   0.0000] Hyrvisodetecd: KVM
[  0.0000]820:lat_pf =0xff0 ax_arch_pfn = 0x400000000
[    0.000000] MTRR: Disabled
[    0.000000] x86/PA: MTRRs isabled, skippin PAT nitialization too.
[    0.000000] CPU MTRRs all blank - virtualzed sstem
    000000] x86/PAT: Configuration [0-7]: B  WT  UC- U  WB  WT UC- UC  
[    0.000000] fond SMP MP-table at [mem 0x0009fff0-0x0009ffff]mapped at [        (ptrval)]
[    0.000000] Scnning 1 areas for low emrycoruptio
[    0.000000] RAMDISK: [mem 0x39dd000-0x36ce5fff]
[    0.000000] ACPI: Early table heckum verfication disabled
[    0.000000] ACPI: RSDP 0x00000000000E0000 00002 (v02 BO  )
[    0.00000] API:SDT 000000003FF000 0003 (v0 VOX  BOXXST 0000001ASL 0000061
   0.0000]ACI: FCP0x0000003FF0F0 000F4(v04VBX   VBFACP000000 ASL  0000061)
[   .0000] API DT 0x0000003F047 01FF (v02VBOX  VBXBIO00000002 INTL 20100528)
[    00000] CPI: FCSx000003FFF00 0004
[    0000000]CPI: CS 0x00000003FF020 0004
[    0.000000] APIAPIC 0x0000003FFF02 0000 (v0 VOX  BOXAIC0000000 AL  00006
[    000000] API SS 0x0000003FF02A0 0001CC (01 VBOX   VBOXCPUT 0000002INL 200028)
[    00000] NoNUA coigurtin found
   0.00000]Fakinga ode at[mm 0x000000000000-0x0000003fefff][    .0000] OD_DAT(0) alloced [mem 0xff5000-x3feff]
[    00000] vm-clock: cpu0, msr 0:3ff44001, primary cpu clock
[   0.00000] vmclck: Using msrs 4b564d01 and 4b54d00
[    0.000000] kvm-clock: using sched offset of 0209085cycle
    000000 clockouce kvm-clck: as: 0xffffffffffffffff max_cycles: 0x1cd42e4dffb mx_ide_s: 885959143 s[    000000] ne rngs:
[  0.00000    DA     me 0000000000100-000000000ffff][    0.00000]  DMA2   [mm x00000000000-00000003fefff]
[   000000   Norma  empty
[   0.0000]   Devie  ept
[   .0000] Mobl zon sart oreachnode
[  0.000000]Ealy mory nod rnges
   000000]  noe  0 [em0x00000000000100-0x00000000009efff]
[    0.000000]   node   0: [mem 0x0000000000100000-0x00000000ffefff
[   .00000 Iitemsetup node 0 mem 0x0000000000001000-0x000000003feffff
[    0.000000] Reserved but unavailable: 98 pages
[    0.000000] ACPI: PM-TmerIO Port: 0x4008
[    0.000000] IOAPIC[0]: apic_d 2, version 32, address 0xfec00000,GSI 0-23
[    0.000000] ACP: IT_SR_OVR (bus 0 bus_irq 0 globl_irq 2 dfl dfl)
[    0.000000] API: INTSRCOVR bus 0bus_irq 9 global_irq9 low level)
[    0.000000] Using ACPI (MADT) for SMP configuration inormation
[   0.00000] smpboo: Allwing 2 CPUs,0 hoplug CPs
[   0000000] PM: Registered nosave memory: [mem 0x00000000-0x00000fff]
[   0.000000] PM: Regisered nosave memory: [mem 0x0009f000-0x009ffff]
[   .000000] PM: Registered nosave memory: [mem 0x000a0000-0x00efff]
[   0.0000] PM: Rgiered nsae meor: [mm x000f0000-x00fff]
    0.000000] e820: [mem 0x40000000-0xfebfffff] valablefor PCI device
[    0.000000] Bootngparavirtualized kernel on KVM
[    0.000000] clocksource: refined-jiffies: mask: 0xffffffffma_cycles: 0xfffffff max_ide_ns: 7645519600211568 ns
[    0.000000] ndom gt_ranombyescalled from start_kernel+0x99/0x4fd with crng_init=
    0.000000] setup_percpu: NR_CPUS:8192nrcpumak_bts:2 nrcp_ids:2r_node_ids:1
[    0.000000] percpu Ebbedded 46 pages/cpu @        (ptrval) s151552 r892 d28672 u1048576
[    0.000000] PV qspinlock hash table entries: 256 (order: 0, 4096 bytes)
[    0.000000] Built 1 zonelists, mobility grouping on.  Total pages: 257913
[    0.000000] Policy zone: DMA32
[    0.00000]Kenelcomman lne BOT_IAG=/bootvminuz-4.15.03-genric rt=UUIe681cd-2bf4981-89ca-242dc8185ee9 ro console=tty1 console=ttyS0
[    0.000000] Memory 98392104820 availabe 1200 knel co, 2470 rwdat, 24K odta, 2408Kinit 216K bs, 6502K reserved, 0K cmareserved)
[    0.000000] SLUB: HWalign=64, Order=0-3, MinObects=0, CPUs=2, Nodes=1
[    0.000000 Krnel/Uer page tables isolation: enale
[  0.000000]ftace: locatig 911 etresin 3 pages
[  0.0000] iearicl RCUmplemtation.
[    0.004000] 	RCU restricting CPUs from NR_CPUS=8192 to nr_cpu_ids=2.
[    0.004000] 	Tasks RCU enabled.
[    0.004000] RCU: Adjusting geometry for rcu_fanout_leaf=16, n_cpuid=2
[   0.04000]NR_IRS: 52544,nrir: 44, preallocated irqs: 16
[   0.004000] Console: colour VGA+ 80x25
[   0.004000] onsol [ty1] enaled
    0.04000] console [ttyS0] enabled
[    0.004000 API: Coe eviion 2017031
[    0.0000] ACI:2 CP AML tle succesfuly acuired ad loaded
[   0.004000] APIC: Switch to symmetric I/O mode setup
[    0.004326] x2apic enabled
[    0.008014] Switched APIC routing to physical x2apic.
[    0.024573] ..TIMER: vector=0x30 apic1=0 pin1=2 apic2=-1 pin2=-1
[    0.028007] tsc: Detected 1300.000 MHz processor
[    0.032022] Calibrating delay loop (skipped) preset value.. 2600.00 BogoMIPS (lpj=5200000)
[    0.036013] pid_max: default: 32768 minimum: 301
[    0.040073] Security Framework initialized
[    0.044011] Yama: becoming mindful.
[    0.048046] AppArmor: AppArmor initialized
[    0.056154] Dentry cache hash table entries: 131072 (order: 8, 1048576 bytes)
[    0.060359] Inode-cache hash table entries: 65536 (order: 7, 524288 bytes)
[    0.064041] Mount-cache hash table entries: 2048 (order: 2, 16384 bytes)
[    0.068023] Mountpoint-cache hash table entries: 2048 (order: 2, 16384 bytes)
[    0.072264] mce: CPU supports 0 MCE banks
[    0.076027] Last level iTLB entries: 4KB 64, 2MB 8, 4MB 8
[    0.080009] Last level dTLB entries: 4KB 64, 2MB 0, 4MB 0, 1GB 4
[    0.084012] Spectre V2 : Mitigation: Full generic retpoline
[    0.088009] Speculative Store Bypass: Vulnerable
[    0.092122] Freeing SMP alternatives memory: 36K
[    0.100000] smpboot: CPU0: Intel(R) Core(TM) M-5Y71 CPU @ 1.20GHz (family: 0x6, model: 0x3d, stepping: 0x4)
[    0.100166] Performance Events: unsupported p6 CPU model 61 no PMU driver, software events only.
[    0.104129] Hierarchical SRCU implementation.
[    0.109159] NMI watchdog: Perf event create on CPU 0 failed with -2
[    0.112009] NMI watchdog: Perf NMI watchdog permanently disabled
[    0.116118] smp: Bringing up secondary CPUs ...
[    0.120495] x86: Booting SMP configuration:
[    0.124015] .... node  #0, CPUs:      #1
[    0.004000] kvm-clock: cpu 1, ms 0:3ff44041, secondary cpu clock
[    0.004000] mce: CPU supports 0 MCE banks
[    0.344041] smp: Brought up 1 node, 2 CPUs
[    0.348199] smpboot: Max logical packages: 1
[    0.352019] smpboot: Total of 2 processors activated (5200.00 BogoMIPS)
[    0.356237] devtmpfs: initialized
[    0.360123] x86/mm: Memory block size: 128MB
[    0.364590] evm: security.selinux
[    0.368019] evm: security.SMACK64
[    0.372011] evm: security.SMACK64EXEC
[    0.376012] evm: security.SMACK64TRANSMUTE
[    0.380140] evm: security.SMACK64MMAP
[    0.384013] evm: security.apparmor
[    0.388011] evm: security.ima
[    0.392009] evm: security.capability
[    0.396171] clocksource: jiffies: mask: 0xffffffff max_cycles: 0xffffffff, max_idle_ns: 7645041785100000 ns
[    0.400032] futex hash table entries: 512 (order: 3, 32768 bytes)
[    0.404159] pinctrl core: initialized pinctrl subsystem
[    0.412226] RTC time:  7:11:49, date: 08/26/18
[    0.417039] NET: Registered protocol family 16
[    0.420171] audit: initializing netlink subsys (disabled)
[    0.424225] audit: type=2000 audit(1535267488.729:1): state=initialized audit_enabled=0 res=1
[    0.540017] cpuidle: using governor ladder
[    0.544030] cpuidle: using governor menu
[    0.548103] ACPI: bus type PCI registered
[    0.552014] acpiphp: ACPI Hot Plug PCI Controller Driver version: 0.5
[    0.556246] PCI: Using configuration type 1 for base access
[    0.573589] HugeTLB registered 2.00 MiB page size, pre-allocated 0 pages
[    0.580148] ACPI: Added _OSI(Module Device)
[    0.584018] ACPI: Added _OSI(Processor Device)
[    0.588013] ACPI: Added _OSI(3.0 _SCP Extensions)
[    0.592013] ACPI: Added _OSI(Processor Aggregator Device)
[    0.596016] ACPI: Added _OSI(Linux-Dell-Video)
[    0.604669] ACPI: Executed  blocks of mode-leel executable AML code
[   0.626430] ACPI: Interpreter enabled
[    0.628041] ACPI: (supports S0 S5)
[    0.632016] ACPI: Using IOAPIC for interrupt routing
[    0.637988] PCI: Using host bridge windows from ACPI; if necessary, use "pci=nocrs" and report a bug
[    0.641925] ACPI: Enabled 2 GPEs in block 00 to 07
[    0.666046] ACPI: PCI Root Bridge [PCI0] (domain 0000 [bus 00-ff])
[    0.668033] acpi PNP0A03:00: _OSC: OS supports [ASPM ClockPM Segments MSI]
[    0.672083] acpi PNP0A03:00: _OSC: not requesting OS control; OS requires [ExtendedConfig ASPM ClockPM MSI]
[    0.676044] acpi PNP0A03:00: fail to add MMCONFIG information, can't access extended PCI configuration space under this bridge.
[    0.685046] PCI host bridge to bus 0000:00
[    0.688019] pci_bus 0000:00: root bus resource [io  0x0000-0x0cf7 window]
[    0.692019] pci_bus 0000:00: root bus resource [io  0x0d00-0xffff window]
[    0.696031] pci_bus 0000:00: root bus resource [mem 0x000a0000-0x000bffff window]
[    0.700015] pci_bus 0000:00: root bus resource [mem 0x40000000-0xfdffffff window]
[    0.704017] pci_bus 0000:00: root bus resource [bus 00-ff]
[    0.719334] pci 0000:00:01.1: legacy IDE quirk: reg 0x1: [io  0x01f0-0x01f7]
[    0.720012] pci 0000:00:01.1: legacy IDE quirk: reg 0x14: [io  0x03f6]
[    0.724012] pci0000:00:01.1: legacy IDE quirk: reg 0x18: [io  0x0170-0x0177]
[    0.728016] pci 0000:00:01.1: legacy IDE quirk: reg 0x1c: [io  0x0376]
[    0.818931] pci 0000:00:07.0: quirk: [io  0x4000-0x403f] claimed by PIIX4 ACPI
[    0.876083] pci 0000:00:07.0: quirk: [io  0x4100-0x410f] claimed by PIIX4 SMB
[    1.021317] ACPI: PCI Interrupt Link [LNKA] (IRQs 5 9 10 *11)
[    1.10018] ACPI: PCI Interrupt Link [LNKB] (IRQs 5 9 *10 11)
[    1.208329] ACPI: PCI Interrupt Link [LNKC] (IRQs 5 *9 10 11)
[    1.244194] ACPI: PCI Interrupt Link [LNKD] (IRQs 5 9 10 *11)
[    1.289433] SCSI subsystem initialized
[    1.336380] pci 0000:00:02.0: vgaarb: setting as boot VGA device
[    1.340000] pci 0000:00:02.0: vgaarb: VGA device added: decodes=io+mem,owns=io+mem,locks=none
[    1.428018] pci 0000:00:02.0: vgaarb: bridge control possible
[    1.436016] vgaarb: loaded
[    1.448107] ACPI: bus type USB registered
[    1.480081] usbcore: registered new interface driver usbfs
[    1.504061] usbcore: registered new interface driver hub
[    1.516172] usbcore: registered new device driver usb
[    1.600417] EDAC MC: Ver: 3.0.0
[    1.649231] PCI: Using ACPI for IRQ routing
[    1.785088] NetLabel: Initializing
[    1.812010] NetLabel:  domain hash size = 128
[    1.836007] NetLabel:  protocols = UNLABELED CIPSOv4 CALIPSO
[    1.896086] NetLabel:  unlabeled traffic allowed by default
[    1.900175] clocksource: Switched to clockource kvm-clock
[    2.064584] VFS: Disk quotas duo6..0[   2.065] S:Dqotace sh table entries: 512 (ordr 0, 4096 bytes)
[    2.870277] AppArmor: AppArmor Filesystem Enabled
[    2.916819] pnp: PnP ACPI init
[   .92208] p: PnP ACPI: found 3 devices
[    3.144687] clocksource: acpi_pm: mask: 0xffffff max_cycles: 0xffff mx_dl_n 28501024 ns
[   458455] NT: Registered protoco faly2
[    .745055] TCP established hash table entries: 8192 (order: 4, 65536 bytes)
[   797747] TC bndhash table entries: 8192 (order: 5, 131072 bytes)
[  489038] TCP: Hash tables configured (established81 bnd19)
[   4.56698 U hshtalentie 52 order: 2, 16384 bytes)
[  50037UD-Lite hash tablenri: 2 (order2,63 bte
[   7317NE: egistere ptol fail1  6.6105] pci 0000:00:00.0: Limiting direct PCI/PCI transfers
[    6.475770] pc 00::01.0: Activating ISA MAha wkaun
   69115] i 0000:00:02.0: Vieodevie thshowd M a[mm 000c0000-0x000dffff]
[    7.834675] Unpacking initramfs...

[    8.231122] Freeing initrd memory: 19492K
[    8.280543] platform rtc_cmos: registered platform RTC device (no PNP device found)
[    8.376210] Scanning for low memory corruption every 60 seconds
[    8.483161] Initialise system trusted keyrings
[    8.499640] Key type blacklist registered
[    8.550330] workingset: timestamp_bits=36 max_order=18 bucket_order=0
[    8.625817] zbud: loaded
[    8.650863] squashfs: version 4.0 (2009/01/31) Phillip Lougher
[    8..09109] fuse init (API version 7.26)
[    8.745574] Key type asymmetric registered
[    8.781442] Asymmetric key parser 'x509' registered
[    8.814787] Block layer SCSI generic (bsg) driver version 0.4 loaded (major 246)
[    8.909304] io scheduler noop registered
[    8.914198] io scheduler deadline registered
[    8.924139] io scheduler cfq registered (default)
[    8.965817] ACPI: AC Adapter [AC] (on-line)
[    8.971665] input: Power Button as /devices/LNXSYSTM:00/LNXPWRBN:00/input/input0
[    8.988430] ACPI: Power Button [PWRF]
[    8.990532] input: Sleep Button as /devices/LNXSYSTM:00/LNXSLPBN:00/input/input1
[    8.993415] ACPI: Sleep Button [SLPF]
[    8.999619] ACPI: Battery Slot [BAT0] (battery present)
[    9.032281] Serial: 8250/16550 driver, 32 ports, IRQ sharing enabled
[    9.089930] 00:02: ttyS0 at I/O 0x3f8 (irq = 4, base_baud = 115200) is a 16550A
[    .138 Luxagga ierce0.03[  97140tsc: Refined TSC cloksurce cibatn:129.31MHz

[   10.348079] clocksource: tsc: mask: 0xffffffffffffffff max_cycles: 0x12bc7e5290b, max_idle_ns: 440795215262 ns
[   10.360501] loop: module loaded
[   10.384592] scsi host0: ata_piix
[   10.409751] scsi host1: ata_piix
[   10.449882] ata1: PATA max UDMA/33 cmd 0x1f0 ctl 0x3f6 bmdma 0xd000 irq 14
[   10.507216] ata2: PATA max UDMA/33 cmd 0x170 ctl 0x376 bmdma 0xd008 irq 15
[   10.581342] libphy: Fixed MDIO Bus: probed
[   10.607120] tun: Universal TUN/TAP device driver, 1.6
[   10.609919] PPP generic driver version 2.4.2
[   10.668304] ehci_hcd: USB 2.0 'Enhanced' Host Controller (EHCI) Driver
[   10.749573] ehci-pci: EHCI PCI platform driver
[   10.760047] ehci-platform: EHCI generic platform driver
[   10.804846] ohci_hcd: USB 1.1 'Open' Host Controller (OHCI) Driver
[   10.928656] ohci-pci: OHCI PCI platform driver
[   10.977670] ohci-platform: OHCI generic platform driver
[   11.002711] uhci_hcd: USB Universal Host Controller Interface driver
[   11.087108] i8042: PNP: PS/2 Controller [PNP0303:PS2K,PNP0f03:PS2M] at 0x60,0x64 irq 1,12
[   11.149208] serio: i8042 KBD port at 0x60,0x64 irq 1
[   11.189465] serio: i8042 AUX port at 0x60,0x64 irq 12
[   11.199489] mousedev: PS/2 mouse device common for all mice
[   11.203293] input: AT Translated Set 2 keyboard as /devices/platform/i8042/serio0/input/input2
[   11.213565] rtc_cmos rtc_cmos: rtc core: registered rtc_cmos as rtc0
[   11.235698] rtc_cmos rtc_cmos: alarms up to one day, 114 bytes nvram
[   11.32147] ic /dev entries driver
[   11.397217] device-mapper: uevent: version 1.0.3
[   11.456845] device-mapper: ioctl: 4.37.0-ioctl (2017-09-20) initialised: dm-devel@redhat.com
[   11.549555] ledtrig-cpu: registered to indicate activity on CPUs
[   11.640716] NET: Registered protocol family 10
[   11.708184] Segment Routing with IPv6
[   11.747913] NET: Registered protocol family 17
[   11.771405] Key type dns_resolver registered
[   11.808678] RAS: Correctable Errors collector initialized.
[   11.858173] sched_clock: Marking stable (11858128877, 0)->(44825925657, -32967796780)
[   11.997551] registered taskstats version 1
[   12.095380] Loading compiled-in X.509 certificates
[   12.178499] Loaded X.509 cert 'Build time autogenerated kernel key: b2b2adbda3eef7b219e699c1b87c022096150517'
[   12.203239] zswap: loaded using pool lzo/zbud
[   12.256400] Key type big_key registered
[   12.273297] Key type trusted registered
[   12.290130] Key type encrypted registered
[   12.316802] AppArmor: AppArmor sha1 policy hashing enabled
[   12.343544] ima: No TPM chip found, activating TPM-bypass! (rc=-19)
[   12.368169] evm: HMAC attrs: 0x1
[   12.370518]   Magic number: 14:323:168
[   12.372184] rtc_cmos rtc_cmos: setting system clock to 2018-08-26 07:12:05 UTC (1535267525)
[   12.375451] BIOS EDD facility v0.16 2004-Jun-25, 0 devices found
[   12.389578] EDD information not available.
[   12.411331] Freeing unused kernel memory: 2408K
[   12.444366] Write protecting the kernel read-only data: 20480k
[   12.525126] Freeing unused kernel memory: 2008K
[   12.559280] Freeing unused kernel memory: 1900K
[   12.587926] x86/mm: Checked W+X mappings: passed, no W+X pages found.
[   12.689735] x86/mm: Checking user space page tables
[   12.705319] x86/mm: Checked W+X mappings: passed, no W+X pages found.
Loading, please wait...
starting version 237
[   12.847930] e1000: Intel(R) PRO/1000 Network Driver - version 7.3.21-k8-NAPI
[   12.860574] e1000: Copyright (c) 1999-2006 Intel Corporation.
[   12.875599] Fusion MPT base driver 3.04.20
[   12.900964] Copyright (c) 1999-2008 LSI Corporation
[   12.928022] AVX2 version of gcm_enc/dec engaged.
[   12.953402] AES CTR mode by8 optimization enabled
[   12.977829] Fusion MPT SPI Host driver 3.04.20
[   13.085461] input: ImExPS/2 Generic Explorer Mouse as /devices/platform/i8042/serio1/input/input4
[   13.500398] e1000 0000:00:03.0 eth0: (PCI:33MHz:32-bit) 02:34:fa:f7:2e:8d
[   13.559347] e1000 0000:00:03.0 eth0: Intel(R) PRO/1000 Network Connection
[   14.162823] e1000 0000:00:08.0 eth1: (PCI:33MHz:32-bit) 08:00:27:ca:0e:28
[   14.259220] e1000 0000:00:08.0 eth1: Intel(R) PRO/1000 Network Connection
[   14.354597] e1000 0000:00:03.0 enp0s3: renamed from eth0
[   14.362164] mptbase: ioc0: Initiating bringup
[   14.502842] e1000 0000:00:08.0 enp0s8: renamed from eth1
[   14.682872] ioc0: LSI53C1030 A0: Capabilities={Initiator}
[   15.530667] scsi host2: ioc0: LSI53C1030 A0, FwRev=00000000h, Ports=1, MaxQ=256, IRQ=20
[   16.853896] scsi 2:0:0:0: Direct-Access     VBOX     HARDDISK         1.0  PQ: 0 ANSI: 5
[   16.977139] scsi target2:0:0: Beginning Domain Validation
[   17.377065] scsi target2:0:0: Domain Validation skipping write tests
[   17.967525] scsi target2:0:0: Ending Domain Validation
[   17.999525] scsi target2:0:0: asynchronous
[   18.051749] random: fast init done
[   18.094961] scsi 2:0:1:0: Direct-Access     VBOX     HARDDISK         1.0  PQ: 0 ANSI: 5
[   18.248444] scsi target2:0:1: Beginning Domain Validation
[   18.322637] scsi target2:0:1: Domain Validation skipping write tests
[   18.384326] scsi target2:0:1: Ending Domain Validation
[   18.410363] scsi target2:0:1: asynchronous
[   18.449018] random: systemd-udevd: uninitialized urandom read (16 bytes read)
[   18.523356] random: systemd-udevd: uninitialized urandom read (16 bytes read)
[   18.653347] sd 2:0:0:0: Attached scsi generic sg0 type 0
[   18.653849] sd 2:0:0:0: [sda] 20971520 512-byte logical blocks: (10.7 GB/10.0 GiB)
[   18.654061] sd 2:0:0:0: [sda] Write Protect is off
[   18.654161] random: systemd-udevd: uninitialized urandom read (16 bytes read)
[   18.655025] sd 2:0:0:0: [sda] Incomplete mode parameter data
[   18.655028] sd 2:0:0:0: [sda] Assuming drive cache: write through
[   18.657092]  sda: sda1
[   18.658466] sd 2:0:0:0: [sda] Attached SCSI disk
[   19.204862] sd 2:0:1:0: Attached scsi generic sg1 type 0
[   20.001026] sd 2:0:1:0: [sdb] 20480 512-byte logical blocks: (10.5 MB/10.0 MiB)
[   20.385645] sd 2:0:1:0: [sdb] Write Protect is off
[   21.008022] sd 2:0:1:0: [sdb] Incomplete mode parameter data
[   21.060525] sd 2:0:1:0: [sdb] Assuming drive cache: write through
[   21.114268] sd 2:0:1:0: [sdb] Attached SCSI disk
Begin: Loading essential drivers ... [   22.876269] raid6: sse2x1   gen()  5784 MB/s
[   22.952141] raid6: sse2x1   xor()  4345 MB/s
[   23.036698] raid6: sse2x2   gen()  7364 MB/s
[   23.096063] raid6: sse2x2   xor()  3943 MB/s
[   23.156460] raid6: sse2x4   gen()  6390 MB/s
[   23.217347] raid6: sse2x4   xor()  1565 MB/s
[   23.284225] raid6: avx2x1   gen()  9964 MB/s
[   23.380044] raid6: avx2x1   xor()  8823 MB/s
[   23.440021] raid6: avx2x2   gen() 14741 MB/s
[   23.512551] raid6: avx2x2   xor()  8712 MB/s
[   23.596272] raid6: avx2x4   gen() 15974 MB/s
[   23.668329] raid6: avx2x4   xor() 11384 MB/s
[   23.710582] raid6: using algorithm avx2x4 gen() 15974 MB/s
[   23.745319] raid6: .... xor() 11384 MB/s, rmw enabled
[   23.770357] raid6: using avx2x2 recovery algorithm
[   23.795239] xor: automatically using best checksumming function   avx       
[   23.843685] async_tx: api initialized (async)
done.
Begin: Running /scripts/init-p[   23.946853] Btrfs loaded, crc32c=crc32c-intel
remount ... done.
Begin: Mounting root file system ... Begin: Running /scripts/local-top ... done.
Begin: Running /scripts/local-premount ... [   24.082276] EXT4-fs (sda1): mounted filesystem with ordered data mode. Opts: (null)
Scanning for Btrfs filesystems
done.
Warning: fsck not present, so skipping root file system
done.
Begin: Running /scripts/local-bottom ... done.
Begin: Running /scripts/init-bottom ... done.
[   24.837893] ip_tables: (C) 2000-2006 Netfilter Core Team
[   26.022272] systemd[1]: systemd 237 running in system mode. (+PAM +AUDIT +SELINUX +IMA +APPARMOR +SMACK +SYSVINIT +UTMP +LIBCRYPTSETUP +GCRYPT +GNUTLS +ACL +XZ +LZ4 +SECCOMP +BLKID +ELFUTILS +KMOD -IDN2 +IDN -PCRE2 default-hierarchy=hybrid)
[   26.132205] systemd[1]: Detected virtualization oracle.
[   26.140062] systemd[1]: Detected architecture x86-64.

Welcome to [1mUbuntu 18.04.1 LTS[0m!

[   26.218242] systemd[1]: Set hostname to <ubuntu-bionic>.
[   28.123453] systemd[1]: Reached target System Time Synchronized.
[[0;32m  OK  [[   29.845704] random: crng init done
[   29.869645] random: 7 urandom warning(s) missed due to ratelimiting
0m] Reached target System Time Synchronized.
[   29.936526] systemd[1]: Created slice User and Session Slice.
[[0;32m  OK  [0m] Created slice User and Session Slice.
[   31.185544] systemd[1]: Started Forward Password Requests to Wall Directory Watch.
[[0;32m  OK  [0m] Started Forward Password Requests to Wall Directory Watch.
[   33.065987] systemd[1]: Created slice System Slice.
[[0;32m  OK  [0m] Created slice System Slice.
[   33.121324] systemd[1]: Listening on LVM2 metadata daemon socket.
[[0;32m  OK  [0m] Listening on LVM2 metadata daemon socket.
[   33.265016] systemd[1]: Listening on Journal Socket (/dev/log).
[[0;32m  OK  [0m] Listening on Journal Socket (/dev/log).
[   33.385510] systemd[1]: Listening on udev Kernel Socket.
[[0;32m  OK  [0m] Listening on udev Kernel Socket.
[   33.485185] systemd[1]: Listening on udev Control Socket.
[[0;32m  OK  [0m] Listening on udev Control Socket.
[   33.624670] systemd[1]: Listening on /dev/initctl Compatibility Named Pipe.
[[0;32m  OK  [0m] Listening on /dev/initctl Compatibility Named Pipe.
[   33.796803] systemd[1]: Created slice system-serial\x2dgetty.slice.
[[0;32m  OK  [0m] Created slice system-serial\x2dgetty.slice.
[   33.884742] systemd[1]: Listening on Journal Audit Socket.
[[0;32m  OK  [0m] Listening on Journal Audit Socket.
[   33.952497] systemd[1]: Listening on LVM2 poll daemon socket.
[[0;32m  OK  [0m] Listening on LVM2 poll daemon socket.
[[0;32m  OK  [0m] Listening on Syslog Socket.
[[0;32m  OK  [0m] Reached target Slices.
[[0;32m  OK  [0m] Set up automount Arbitrary Executabâ€¦rmats File System Automount Point.
[[0;32m  OK  [0m] Listening on Device-mapper event daemon FIFOs.
[[0;32m  OK  [0m] Reached target User and Group Name Lookups.
[[0;32m  OK  [0m] Listening on Journal Socket.
         Starting Journal Service...
         Starting Remount Root and Kernel File Systems...
         Mounting Kernel Debug File System...
         Starting udev Coldplug all Devices...
         Starting Set the console keyboard layout...
[   34.336501] EXT4-fs (sda1): re-mounted. Opts: (null)
         Starting Uncomplicated firewall...
         Starting Monitoring of LVM2 mirrorsâ€¦ng dmeventd or progress polling...
         Starting Load Kernel Modules...
[   34.512893] Loading iSCSI transport class v2.0-870.
         Mounting Huge Pages File System...
         Starting Create list of required[   34.611003] iscsi: registered transport (tcp)
 stâ€¦ce nodes for the current kernel...
[[0;32m  OK  [0m] Reached targe[   34.684794] iscsi: registered transport (iser)
t Swap.
         Mounting POSIX Message Queue File System...
[[0;32m  OK  [0m] Listening on Network Service Netlink Socket.
[[0;32m  OK  [0m] Started Journal Service.
[[0;32m  OK  [0m] Started Remount Root and Kernel File Systems.
[[0;32m  OK  [0m] Mounted Kernel Debug File System.
[[0;32m  OK  [0m] Started Set the console keyboard layout.
[[0;32m  OK  [0m] Started Uncomplicated firewall.
[[0;32m  OK  [0m] Started Load Kernel Modules.
[[0;32m  OK  [0m] Mounted Huge Pages File System.
[[0;32m  OK  [0m] Started Create list of required staâ€¦vice nodes for the current kernel.
[[0;32m  OK  [0m] Mounted POSIX Message Queue File System.
[[0;32m  OK  [0m] Started udev Coldplug all Devices.
[[0;32m  OK  [0m] Started LVM2 metadata daemon.
         Starting Create Static Device Nodes in /dev...
         Mounting FUSE Control File System...
         Mounting Kernel Configuration File System...
         Starting Apply Kernel Variables...
         Starting Initial cloud-init job (pre-networking)...
         Starting Load/Save Random Seed...
         Starting Flush Journal to Persistent Storage...
[[0;32m  OK  [0m] Started Monitoring of LVM2 mirrors,â€¦sing dmeventd or progress polling.
[[0;32m  OK  [0m] Started Create Static Device Nodes in /dev.
[[0;32m  OK  [0m] Mounted FUSE Control File System.
[[0;32m  OK  [0m] Mounted Kernel Configuration File System.
[[0;32m  OK  [0m] Started Apply Kernel Variables.
[[0;32m  OK  [0m] Started Load/Save Random Seed.
         Starting udev Kernel Device Manager...
[[0;32m  OK  [0m] Reached target Local File Systems (Pre).
[[0;32m  OK  [0m] Reached target Local File Systems.
         Starting Set console font and keymap...
         Starting AppArmor initialization...
         Starting ebtables ruleset management...
         Starting Tell Plymouth To Write Out Runtime Data...
[[0;32m  OK  [0m] Started udev Kernel Device Manager.
[[0;32m  OK  [0m] Started Dispatch Password Requests to Console Directory Watch.
[[0;32m  OK  [0m] Reached target Local Encrypted Volumes.
[[0;32m  OK  [0m] Started Set console font and keymap.
[[0;32m  OK  [0m] Started Tell Plymouth To Write Out Runtime Data.
[[0;32m  OK  [0m] Started ebtables ruleset management.
[[0;32m  OK  [0m] Started Flush Journal to Persistent Storage.
         Starting Create Volatile Files and Directories...
[[0;32m  OK  [0m] Started Create Volatile Files and Directories.
[[0;32m  OK  [0m] Found device /dev/ttyS0.
         Starting Update UTMP about System Boot/Shutdown...
[[0;32m  OK  [0m] Listening on Load/Save RF Kill Switch Status /dev/rfkill Watch.
[[0;32m  OK  [0m] Started Update UTMP about System Boot/Shutdown.
[[0;32m  OK  [0m] Started AppArmor initialization.
[   38.965485] cloud-init[419]: Cloud-init v. 18.2 running 'init-local' at Sun, 26 Aug 2018 07:12:31 +0000. Up 38.56 seconds.
[[0;32m  OK  [0m] Started Initial cloud-init job (pre-networking).
[[0;32m  OK  [0m] Reached target Network (Pre).
         Starting Network Service...
[[0;32m  OK  [0m] Started Network Service.
         Starting Network Name Resolution...
         Starting Wait for Network to be Configured...
[[0;32m  OK  [0m] Started Network Name Resolution.
[[0;32m  OK  [0m] Reached target Network.
[[0;32m  OK  [0m] Reached target Host and Network Name Lookups.
[[0;32m  OK  [0m] Started Wait for Network to be Configured.
         Starting Initial cloud-init job (metadata service crawler)...
[   42.691132] cloud-init[654]: Cloud-init v. 18.2 running 'init' at Sun, 26 Aug 2018 07:12:34 +0000. Up 41.81 seconds.
[   42.747785] cloud-init[654]: ci-info: ++++++++++++++++++++++++++++++++++++++Net device info++++++++++++++++++++++++++++++++++++++
[[0;32m  OK  [0m] Started Initial cloud-init job (metadata service crawler).
[[0;32m  OK  [0m] Reached target Cloud-config availability.
[   42.809877] [[0;32m  OK  [0m] Reached target Network is Online.
cloud-init[654]: ci-info: +--------+------+----------------------------+---------------+--------+-------------------+
         [   43.093216] cloud-init[654]: ci-info: | Device |  Up  |          Address           |      Mask     | Scope  |     Hw-Address    |
[   43.093357] cloud-init[654]: ci-info: +--------+------+----------------------------+---------------+--------+-------------------+
[   43.093469] cloud-init[654]: ci-info: | enp0s3 | True |         10.0.2.15          | 255.255.255.0 | global | 02:34:fa:f7:2e:8d |
[   43.093795] cloud-init[654]: ci-info: | enp0s3 | True | fe80::34:faff:fef7:2e8d/64 |       .       |  link  | 02:34:fa:f7:2e:8d |
[   43.093937] cloud-init[654]: ci-info: | enp0s8 | True |       192.168.33.10        | 255.255.255.0 | global | 08:00:27:ca:0e:28 |
[   43.094046] cloud-init[654]: ci-info: | enp0s8 | True | fe80::a00:27ff:feca:e28/64 |       .       |  link  | 08:00:27:ca:0e:28 |
[   43.094151] cloud-init[654]: ci-info: |   lo   | True |         127.0.0.1          |   255.0.0.0   |  host  |         .         |
[   43.094254] cloud-init[654]: ci-info: |   lo   | True |          ::1/128           |       .       |  host  |         .         |
[   43.094373] cloud-init[654]: ci-info: +--------+------+----------------------------+---------------+--------+-------------------+
[   43.094478] cloud-init[654]: ci-info: +++++++++++++++++++++++++++++Route IPv4 info+++++++++++++++++++++++++++++
[   43.094594] cloud-init[654]: ci-info: +-------+--------------+----------+-----------------+-----------+-------+
[   43.094713] cloud-init[654]: ci-info: | Route | Destination  | Gateway  |     Genmask     | Interface | Flags |
[   43.094952] cloud-init[654]: ci-info: +-------+--------------+----------+-----------------+-----------+-------+
[   43.095057] cloud-init[654]: ci-info: |   0   |   0.0.0.0    | 10.0.2.2 |     0.0.0.0     |   enp0s3  |   UG  |
[   43.095257] cloud-init[654]: ci-info: |   1   |   10.0.2.0   | 0.0.0.0  |  255.255.255.0  |   enp0s3  |   U   |
[   43.095351] cloud-init[654]: ci-info: |   2   |   10.0.2.2   | 0.0.0.0  | 255.255.255.255 |   enp0s3  |   UH  |
[   43.095491] cloud-init[654]: ci-info: |   3   | 192.168.33.0 | 0.0.0.0  |  255.255.255.0  |   enp0s8  |   U   |
[   43.095617] cloud-init[654]: ci-info: +-------+--------------+----------+-----------------+-----------+-------+
[   43.095756] cloud-init[654]: ci-info: +++++++++++++++++++Route IPv6 info+++++++++++++++++++
[   43.096483] cloud-init[654]: ci-info: +-------+-------------+---------+-----------+-------+
[   43.096571] cloud-init[654]: ci-info: | Route | Destination | Gateway | Interface | Flags |
[   43.096641] cloud-init[654]: ci-info: +-------+-------------+---------+-----------+-------+
Starting iSCSI initiator daemon (iscsid)...
[[0;32m  OK  [0m] Reached target System Initialization.
[[0;32m  OK  [0m[   43.096906] ] cloud-initListening on ACPID Listen Socket.[654]: 
ci-info: |   1   |  fe80::/64  |    ::   |   enp0s8  |   U   |
[[   45.265024] cloud-init[654]: ci-info: |   2   |  fe80::/64  |    ::   |   enp0s3  |   U   |
[   45.265364] cloud-init[654]: ci-info: |   4   |    local    |    ::   |   enp0s3  |   U   |
[0;32m  OK  [0m] Started Discard unused blocks once a week.
[   45.265918] cloud-init[654]: ci-info: |   5   |    local    |    ::   |   enp0s8  |   U   |
[[   45.424321] cloud-init[654]: ci-info: |   6   |   ff00::/8  |    ::   |   enp0s8  |   U   |
[   45.424706] cloud-init[654]: ci-info: |   7   |   ff00::/8  |    ::   |   enp0s3  |   U   |
[   45.424801] cloud-init[654]: ci-info: +-------+-------------+---------+-----------+-------+
[0;32m  OK  [0m] Started Daily Cleanup of Temporary Directories.
         Starting Socket activation for snappy daemon.
[[0;32m  OK  [0m] Started Message of the Day.
[[0;32m  OK  [0m] Started ACPI Events Check.
[[0;32m  OK  [0m] Reached target Paths.
[[0;32m  OK  [0m] Listening on UUID daemon activation socket.
[[0;32m  OK  [0m] Listening on D-Bus System Message Bus Socket.
         Starting LXD - unix socket.
[[0;32m  OK  [0m] Started Daily apt download activities.
[[0;32m  OK  [0m] Started Daily apt upgrade and clean activities.
[[0;32m  OK  [0m] Reached target Timers.
[[0;32m  OK  [0m] Listening on Socket activation for snappy daemon.
[[0;32m  OK  [0m] Listening on LXD - unix socket.
[[0;32m  OK  [0m] Started iSCSI initiator daemon (iscsid).
[[0;32m  OK  [0m] Reached target Remote File Systems (Pre).
[[0;32m  OK  [0m] Reached target Remote File Systems.
         Starting Availability of block devices...
[[0;32m  OK  [0m] Reached target Sockets.
[[0;32m  OK  [0m] Reached target Basic System.
[[0;32m  OK  [0m] Started Regular background program processing daemon.
         Starting Login Service...
         Starting vboxadd.service...
[[0;32m  OK  [0m] Started D-Bus System Message Bus.
         Starting LXD - container startup/shutdown...
         Starting LSB: Record successful boot for GRUB...
         Starting OpenBSD Secure Shell server...
         Starting LSB: automatic crash report generation...
[[0;32m  OK  [0m] Started Unattended Upgrades Shutdown.
         Starting Accounts Service...
         Starting Dispatcher daemon for systemd-networkd...
[[0;32m  OK  [0m] Started irqbalance daemon.
         Starting Permit User Sessions...
[[0;32m  OK  [0m] Started FUSE filesystem for LXC.
         Starting Apply the settings specified in cloud-config...
[[0;32m  OK  [0m] Started Deferred execution scheduler.
         Starting System Logging Service...
         Starting Snappy daemon...
[[0;32m  OK  [0m] Started System Logging Service.
[[0;32m  OK  [0m] Started Availability of block devices.
[[0;32m  OK  [0m] Started Permit User Sessions.
[[0;32m  OK  [0m] Started OpenBSD Secure Shell server.
[[0;32m  OK  [0m] Started Login Service.
[[0;32m  OK  [0m] Started LXD - container startup/shutdown.
         Starting Authorization Manager...
         Starting Hold until boot process finishes up...
         Starting Terminate Plymouth Boot Screen...
[[0;32m  OK  [0m] Started vboxadd.service.
[[0;32m  OK  [0m] Started LSB: Record successful boot for GRUB.
[[0;32m  OK  [0m] Started LSB: automatic crash report generation.
[[0;32m  OK  [0m] Started Hold until boot process finishes up.
[[0;32m  OK  [0m] Started Terminate Plymouth Boot Screen.
[[0;32m  OK  [0m] Started Authorization Manager.
[[0;32m  OK  [0m] Started Accounts Service.
[[0;32m  OK  [0m] Created slice User Slice of vagrant.
[[0;32m  OK  [0m] Started Serial Getty on ttyS0.
         Starting Set console scheme...
         Starting vboxadd-service.service...
[[0;32m  OK  [0m] Started Dispatcher daemon for systemd-networkd.
[[0;32m  OK  [0m] Started Set console scheme.
[[0;32m  OK  [0m] Started Snappy daemon.
[[0;32m  OK  [0m] Started vboxadd-service.service.
[[0;32m  OK  [0m] Started Session 1 of user vagrant.
         Starting Wait until snapd is fully seeded...
         Starting User Manager for UID 1000...
[[0;32m  OK  [0m] Created slice system-getty.slice.
[[0;32m  OK  [0m] Started Getty on tty1.
[[0;32m  OK  [0m] Reached target Login Prompts.
[[0;32m  OK  [0m] Started Wait until snapd is fully seeded.
[[0;32m  OK  [0m] Reached target Multi-User System.
[[0;32m  OK  [0m] Reached target Graphical Interface.
         Starting Update UTMP about System Runlevel Changes...
[[0;32m  OK  [0m] Started User Manager for UID 1000.
[[0;32m  OK  [0m] Started Update UTMP about System Runlevel Changes.
[   49.355267] cloud-init[883]: Cloud-init v. 18.2 running 'modules:config' at Sun, 26 Aug 2018 07:12:42 +0000. Up 48.90 seconds.
[[0;32m  OK  [0m] Started Apply the settings specified in cloud-config.
         Starting Execute cloud user/final scripts...
[   50.792059] cloud-init[1190]: Cloud-init v. 18.2 running 'modules:final' at Sun, 26 Aug 2018 07:12:43 +0000. Up 50.50 seconds.
[   50.887793] cloud-init[1190]: Cloud-init v. 18.2 finished at Sun, 26 Aug 2018 07:12:43 +0000. Datasource DataSourceNoCloud [seed=/dev/sdb][dsmode=net].  Up 50.77 seconds
[[0;32m  OK  [0m] Started Execute cloud user/final scripts.
         Starting Daily apt download activities...
[[0;32m  OK  [0m] Reached target Cloud-init target.

Ubuntu 18.04.1 LTS ubuntu-bionic ttyS0

ubuntu-bionic login: [[0;32m  OK  [0m] Stopped target Timers.
[[0;32m  OK  [0m] Stopped target Host and Network Name Lookups.
         Stopping Unattended Upgrades Shutdown...
[[0;32m  OK  [0m] Stopped Wait until snapd is fully seeded.
         Stopping Snappy daemon...
         Stopping LSB: automatic crash report generation...
         Stopping FUSE filesystem for LXC...
         Stopping irqbalance daemon...
         Stopping vboxadd-service.service...
[[0;32m  OK  [0m] Unmounted /var/lib/lxcfs.
[[0;32m  OK  [0m] Stopped Regular background program processing daemon.
[[0;32m  OK  [0m] Stopped Accounts Service.
[[0;32m  OK  [0m] Stopped Dispatcher daemon for systemd-networkd.
[[0;32m  OK  [0m] Stopped irqbalance daemon.
[[0;32m  OK  [0m] Stopped Deferred execution scheduler.
[[0;32m  OK  [0m] Stopped System Logging Service.
[[0;32m  OK  [0m] Stopped Snappy daemon.
[[0;32m  OK  [0m] Stopped OpenBSD Secure Shell  erver.
[[0;32m  OK  [0m] Stopped Authorization Manager.
[[0;32m  OK  [0m] Stopped Serial Getty on ttyS0.
[[0;32m  OK  [0m] Stopped Getty on tty1.
[[0;32m  OK  [0m] Stopped User Manager for UID 1000.
[[0;32m  OK  [0m] Stopped Availability of block devices.
[[0;32m  OK  [0m] Stopped D-Bus System Message Bus.
[[0;32m  OK  [0m] Stopped Unattended Upgrades Shutdown.
[[0;32m  OK  [0m] Stopped vboxadd-service.service.
[[0;32m  OK  [0m] Stopped FUSE filesystem for LXC.
[[0;32m  OK  [0m] Stopped Session 37 of user vagrant.
[[0;32m  OK  [0m] Stopped LXD - container startup/shutdown.
[[0;32m  OK  [0m] Stopped LSB: Record successful boot for GRUB.
         Stopping vboxadd.service...
[[0;32m  OK  [0m] Removed slice User Slice of vagrant.
         Stopping Login Service...
[[0;32m  OK  [0m] Removed slice system-getty.slice.
         Stopping Permit User Sessions...
[[0;32m  OK  [0m] Removed slice system-serial\x2dgetty.slice.
[[0;32m  OK  [0m] Stopped Login Service.
[[0;32m  OK  [0m] Unmounted /vagrant.
[[0;32m  OK  [0m] Stopped LSB: automatic crash report generation.
[[0;32m  OK  [0m] Stopped vboxadd.service.
[[0;32m  OK  [0m] Stopped Permit User Sessions.
[[0;32m  OK  [0m] Stopped target Remote File Systems.
[[0;32m  OK  [0m] Stopped target Remote File Systems (Pre).
         Stopping iSCSI initiator daemon (iscsid)...
[[0;32m  OK  [0m] Stopped target User and Group Name Lookups.
[[0;32m  OK  [0m] Stopped target Basic System.
[[0;32m  OK  [0m] Stopped target Paths.
[[0;32m  OK  [0m] Stopped ACPI Events Check.
[[0;32m  OK  [0m] Stopped target Slices.
[[0;32m  OK  [0m] Stopped target Sockets.
[[0;32m  OK  [0m] Closed Syslog Socket.
[[0;32m  OK  [0m] Closed ACPID Listen Socket.
[[0;32m  OK  [0m] Closed LXD - unix socket.
[[0;32m  OK  [0m] Closed Socket activation for snappy daemon.
[[0;32m  OK  [0m] Closed UUID daemon activation socket.
[[0;32m  OK  [0m] Closed D-Bus System Message Bus Socket.
[[0;32m  OK  [0m] Stopped target System Initialization.
[[0;32m  OK  [0m] Stopped target Local Encrypted Volumes.
[[0;32m  OK  [0m] Stopped Dispatch Password Requests to Console Directory Watch.
[[0;32m  OK  [0m] Stopped Forward Password Requests to Wall Directory Watch.
         Stopping Load/Save Random Seed...
         Stopping Update UTMP about System Boot/Shutdown...
[[0;32m  OK  [0m] Removed slice User and Session Slice.
[[0;32m  OK  [0m] Stopped iSCSI initiator daemon (iscsid).
[[0;32m  OK  [0m] Stopped Load/Save Random Seed.
[[0;32m  OK  [0m] Stopped target Network is Online.
[[0;32m  OK  [0m] Stopped Initial cloud-init job (metadata service crawler).
[[0;32m  OK  [0m] Stopped target Network.
         Stopping Network Name Resolution...
[[0;32m  OK  [0m] Stopped Update UTMP about System Boot/Shutdown.
[[0;32m  OK  [0m] Stopped Network Name Resolution.
[[0;32m  OK  [0m] Stopped Create Volatile Files and Directories.
[[0;32m  OK  [0m] Stopped target Local File Systems.
         Unmounting /run/user/1000...
         Stopping Network Service...
[[0;32m  OK  [0m] Unmounted /run/user/1000.
[[0;32m  OK  [0m] Stopped Network Service.
[[0;32m  OK  [0m] Stopped target Network (Pre).
[[0;32m  OK  [0m] Stopped Initial cloud-init job (pre-networking).
[[0;32m  OK  [0m] Stopped Apply Kernel Variables.
[[0;32m  OK  [0m] Stopped Load Kernel Modules.
[[0;32m  OK  [0m] Reached target Unmount All Filesystems.
[[0;32m  OK  [0m] Stopped target Local File Systems (Pre).
         Stopping Monitoring of LVM2 mirrorsâ€¦ng dmeventd or progress polling...
[[0;32m  OK  [0m] Stopped Remount Root and Kernel File Systems.
[[0;32m  OK  [0m] Stopped Create Static Device Nodes in /dev.
[[0;32m  OK  [0m] Stopped target Swap.
[[0;32m  OK  [0m] Reached target Shutdown.
[[0;32m  OK  [0m] Reached target Final Step.
         Starting Power-Off...
[[0;32m  OK  [0m] Stopped Monitoring of LVM2 mirrors,â€¦sing dmeventd or progress polling.
         Stopping LVM2 metadata daemon...
[[0;32m  OK  [0m] Stopped LVM2 metadata daemon.
[61467.660512] reboot: Power down
